// Jest Snapshot v1, https://goo.gl/fbAQLP

exports[`Test for View Tasks Component Check snapshot 1`] = `
<div>
  <ForwardRef(Bootstrap(Row))>
    <ForwardRef(Bootstrap(ButtonToolbar))>
      <ForwardRef(Bootstrap(Button))
        data-test-id="add-action"
        onClick={[Function]}
        type="button"
        variant="primary"
      >
        Add Task
      </ForwardRef(Bootstrap(Button))>
    </ForwardRef(Bootstrap(ButtonToolbar))>
  </ForwardRef(Bootstrap(Row))>
  <ForwardRef(Bootstrap(Row))
    style={
      Object {
        "marginTop": "1rem",
      }
    }
  >
    <ForwardRef(Bootstrap(Table))
      bordered={true}
      hover={true}
      responsive={true}
      striped={true}
    >
      <thead>
        <tr>
          <th>
            #
          </th>
          <th
            colSpan="2"
          >
            Task
          </th>
          <th>
            High Priority
          </th>
          <th>
            Completed
          </th>
          <th
            colSpan="1"
          />
        </tr>
      </thead>
      <tbody>
        <tr
          key="0test"
        >
          <td>
            1
          </td>
          <td
            colSpan="2"
          >
            <ForwardRef(Bootstrap(Button))
              data-test-id="update-action-0"
              onClick={[Function]}
              type="button"
              variant="link"
            >
              test
            </ForwardRef(Bootstrap(Button))>
          </td>
          <td
            style={
              Object {
                "textAlign": "center",
              }
            }
          >
            <ForwardRef(Bootstrap(FormCheck))
              checked={false}
              data-test-id="update-priority-0"
              inline={true}
              name="highPriority"
              onChange={[Function]}
            />
          </td>
          <td
            style={
              Object {
                "textAlign": "center",
              }
            }
          >
            <ForwardRef(Bootstrap(FormCheck))
              checked={false}
              data-test-id="update-completed-0"
              inline={true}
              name="completed"
              onChange={[Function]}
            />
          </td>
          <td>
            <ForwardRef(Bootstrap(Button))
              data-test-id="delete-action-0"
              onClick={[Function]}
              type="button"
              variant="danger"
            >
              Delete
            </ForwardRef(Bootstrap(Button))>
          </td>
        </tr>
      </tbody>
    </ForwardRef(Bootstrap(Table))>
  </ForwardRef(Bootstrap(Row))>
  <ForwardRef(Bootstrap(Row))
    style={
      Object {
        "marginTop": "1rem",
      }
    }
  >
    <ForwardRef(Bootstrap(ButtonToolbar))>
      <ForwardRef(Bootstrap(Button))
        style={
          Object {
            "marginRight": "1rem",
          }
        }
        variant="success"
      >
        Completed 
        <ForwardRef(Bootstrap(Badge))
          data-test-id="completed-count"
          pill={true}
          variant="light"
        >
          0
        </ForwardRef(Bootstrap(Badge))>
      </ForwardRef(Bootstrap(Button))>
      <ForwardRef(Bootstrap(Button))
        variant="info"
      >
        Total 
        <ForwardRef(Bootstrap(Badge))
          data-test-id="total-count"
          pill={true}
          variant="light"
        >
          1
        </ForwardRef(Bootstrap(Badge))>
      </ForwardRef(Bootstrap(Button))>
    </ForwardRef(Bootstrap(ButtonToolbar))>
  </ForwardRef(Bootstrap(Row))>
</div>
`;
